nohup: ignoring input
🚀 [SERVER] Server is starting...
🚀 [SERVER] NODE_ENV: development
🚀 [SERVER] PORT: 3000
🔐 [SERVER] Environment variables check:
  - MONGODB_URI exists: false
  - JWT_SECRET exists: false
  - TELEGRAM_BOT_TOKEN exists: false
  - ADMIN_MASTER_ID exists: false
  - ADMIN_SECURE_CODE exists: false
  - ADMIN_SECURITY_KEY exists: false
  - ADMIN_SECRET_KEY exists: false
  - ADMIN_IDS exists: false
🔗 [DB] Attempting to connect to MongoDB...
🔗 [DB] MONGODB_URI found, connecting...
🔧 Performing Emergency Room Reset on startup...
🔐 [AUTH] Auth middleware loaded
🔐 [AUTH] TELEGRAM_BOT_TOKEN exists: true
🔐 [AUTH] JWT_SECRET exists: true
🔐 [AUTH] ADMIN_MASTER_ID exists: true
🔐 [AUTH] ADMIN_IDS exists: true
🔐 [ADMIN] Admin routes loaded
✅ [SERVER] Server running on port 3000
✅ [SERVER] Health check available at: /health
✅ [SERVER] Environment: development
⏰ Daily bot reset scheduled for 0:00
⏰ First run in 138 minutes
⏰ [SERVER] Daily bot balance reset scheduler started (resets at 00:00 UTC)

✅ [DB] MongoDB Connected: ac-nayprdv-shard-00-01.enemcot.mongodb.net
✅ [DB] Database: afro-bingo
✅ Bots already initialized (50 bots found)
✅ Emergency Room Reset Complete - All rooms flushed

