
> afro-bingo-backend@1.0.0 start
> node server.js

🚀 [SERVER] Server is starting...
🚀 [SERVER] NODE_ENV: development
🚀 [SERVER] PORT: 3000
🔐 [SERVER] Environment variables check:
  - MONGODB_URI exists: false
  - JWT_SECRET exists: false
  - TELEGRAM_BOT_TOKEN exists: false
  - ADMIN_MASTER_ID exists: false
  - ADMIN_SECURE_CODE exists: false
  - ADMIN_SECURITY_KEY exists: false
  - ADMIN_SECRET_KEY exists: false
  - ADMIN_IDS exists: false
🔗 [DB] Attempting to connect to MongoDB...
🔗 [DB] MONGODB_URI found, connecting...
🔧 Performing Emergency Room Reset on startup...
🔐 [AUTH] Auth middleware loaded
🔐 [AUTH] TELEGRAM_BOT_TOKEN exists: true
🔐 [AUTH] JWT_SECRET exists: true
🔐 [AUTH] ADMIN_MASTER_ID exists: true
🔐 [AUTH] ADMIN_IDS exists: true
🔐 [ADMIN] Admin routes loaded
✅ [SERVER] Server running on port 3000
✅ [SERVER] Health check available at: /health
✅ [SERVER] Environment: development
⏰ Daily bot reset scheduled for 0:00
⏰ First run in 444 minutes
⏰ [SERVER] Daily bot balance reset scheduler started (resets at 00:00 UTC)

❌ [DB] MongoDB Connection: Non-retryable error: bad auth : authentication failed
❌ [DB] Database connection error: bad auth : authentication failed
❌ [DB] Stack: MongoServerError: bad auth : authentication failed
    at Connection.onMessage (/workspace/node_modules/mongodb/lib/cmap/connection.js:202:26)
    at MessageStream.<anonymous> (/workspace/node_modules/mongodb/lib/cmap/connection.js:61:60)
    at MessageStream.emit (node:events:524:28)
    at processIncomingData (/workspace/node_modules/mongodb/lib/cmap/message_stream.js:124:16)
    at MessageStream._write (/workspace/node_modules/mongodb/lib/cmap/message_stream.js:33:9)
    at writeOrBuffer (node:internal/streams/writable:572:12)
    at _write (node:internal/streams/writable:501:10)
    at Writable.write (node:internal/streams/writable:510:10)
    at TLSSocket.ondata (node:internal/streams/readable:1009:22)
    at TLSSocket.emit (node:events:524:28)
💡 [DB] Make sure MongoDB is running or update MONGODB_URI in environment variables
💡 [DB] Server will start in LIMITED MODE - game features will not work without database
⚠️ Emergency Reset Warning: Operation `roompools.updateMany()` buffering timed out after 10000ms
❌ Room initialization failed: Operation `roompools.findOneAndUpdate()` buffering timed out after 10000ms
❌ Error initializing bots: Operation `bots.countDocuments()` buffering timed out after 10000ms
❌ Bot initialization failed: Operation `bots.countDocuments()` buffering timed out after 10000ms
